[1/42] valorant personality test → KD 16.3 (极易)
[2/42] league of legends personality test → KD 5.8 (极易)
[3/42] apex legends personality test → KD 20.5 (容易)
[4/42] what type of gamer are you → KD 43.6 (中等)
[5/42] genshin impact mbti → KD 50.1 (中等)
[6/42] honkai star rail mbti → KD 42.4 (中等)
[7/42] anime mbti → KD 38.4 (容易)
[8/42] one piece mbti → KD 36.3 (容易)
[9/42] naruto mbti → KD 39.8 (容易)
[10/42] jujutsu kaisen mbti → KD 8 (极易)
[11/42] demon slayer mbti → KD 34.4 (容易)
[12/42] valorant agents mbti → KD 37 (容易)
[13/42] league of legends mbti → KD 38.3 (容易)
[14/42] overwatch mbti → KD 45.4 (中等)
[15/42] minecraft mbti → KD 34.7 (容易)
[16/42] stardew valley mbti → KD 25.5 (容易)
[17/42] hazbin hotel mbti → KD 46.8 (中等)
[18/42] undertale mbti → KD 43.3 (中等)
[19/42] fnaf mbti → KD 34.6 (容易)
[20/42] marvel mbti → KD 32 (容易)
[21/42] harry potter mbti → KD 34.9 (容易)
[22/42] zenless zone zero mbti → KD 42.6 (中等)
[23/42] wuthering waves mbti → KD 40.3 (中等)
[24/42] arknights mbti → KD 40.1 (中等)
[25/42] pokemon mbti → KD 29.2 (容易)
[26/42] disney mbti → KD 32.2 (容易)
[27/42] kpop idol mbti → KD 17.9 (极易)
[28/42] which genshin impact character are you → KD 34.5 (容易)
[29/42] which honkai star rail character are you → KD 41.4 (中等)
[30/42] which valorant agent are you → KD 22.4 (容易)
[31/42] which league of legends champion are you → KD 32.3 (容易)
[32/42] which anime character are you → KD 46.4 (中等)
[33/42] which pokemon are you → KD 25.6 (容易)
[34/42] which one piece character are you → KD 47.4 (中等)
[35/42] who counters → KD 18.8 (极易)
[36/42] lol counter picks → KD 20.5 (容易)
[37/42] genshin tier list → KD 56 (中等)
[38/42] valorant agent tier list → KD 44.7 (中等)
[39/42] best genshin team comps → KD 22 (容易)
[40/42] mbti test → KD 53.8 (中等)
[41/42] personality database → KD 34.9 (容易)
[42/42] funny personality test → KD 22.2 (容易)
写入 .rankup/data/kd-us.json
